MTEC1003 — LAB 01 (revised 8/8/20 —lg)

Lab 1 / Part 1 - Entering Commands
==========
Follow the instructions line-by-line.

* Type in the commands as is, but ignore the beginning prompt.
* Enter, tab, up and down are represented by <ENTER><TAB>,<UP> and <DOWN>.
* "No output" or "nothing happens" are valid answers to any of the questions.
==========

1. Open Terminal.  Type:

$ ls<ENTER>

Copy and paste the output of ls below.
Applications				Library
Creative Cloud Files			Movies
Creative Cloud Files (archived) (1)	Music
Desktop					Note.txt
Documents				Pictures
Downloads				Public
LPG.txt
----------
Applications
Creative Cloud Files
Desktop
Documents
Downloads
Evening.Walk.latLong.v01.png
Evening_Walk_exp_v02.hr.txt
Library
Movies
Music
OM
Pictures
Public
finitevolume.png
github
iCloud Drive (Archive)
installMacOpenFOAM
javasharedresources
lgBin
louis.goldford@columbia.edu Creative Cloud Files
startMacOpenFOAM
venv





==========
2.  Type:

$ ls -l Documents<ENTER>

Copy and paste the first *two lines* of output below.

drwxr-xr-x@ 3 michaeldeleon  staff      96 Jun 14 23:56 Adobe
-rwx------@ 1 michaeldeleon  staff  248999 Nov 18  2020 Grad School Breakdown.pages
----------
drwx------@  5 louisgoldford2020  staff    160 Jun 12  2020 Applications
drwx------@  4 louisgoldford2020  staff    128 Jan 11 10:49 Creative Cloud Files





==========
3.  Type:

$ ls -a Documents

Copy and paste the first *two lines* of output below.
.				Mlb free agents .pages
..				Udemy Practice Book.xlsx

----------
.			Adobe			IanniX			OM			Zwift
..			CU			Ircam			Pd			iZotope





==========
4.  Type:

$ ls doesnotexist

Copy and paste the output below.

ls: doesnotexist: No such file or directory

---------
ls: doesnotexist: No such file or directory





==========
5.  What key do I press to go to the previous command?
the Up key 

----------
the UP arrow on my keyboard 





==========
6.  Name two flags/options that we used in this exercise.
----------

-l (list the LONG form of all the files)
-a (list ALL files, including the hidden ones!)




==========
7.  What was the main command that we used throughout this exercise?
----------
ls (list all them files!! yeehaw!)





==========
8.  What's one an argument that we've so far passed to a command?
----------
doesnotexist
Documents





==========
9.  Type:

$ foo<ENTER>

Copy and paste the output below.
----------
-bash: foo: command not found





==========
10.  Type:

<UP><ENTER>

Copy and paste the output below.
----------
-bash: foo: command not found





==========
11.  In the following line....

$ ls -a Desktop

Identify the command, flag, argument, and prompt:
----------
command: ls
option/flag: -a
argument: Desktop
prompt: $ (The prompt is the symbol that tells you the computer is not currently running a command and is "ready" for your input.)

(Sometimes you may see a % symbol instead of $.)



Lab 1 / Part 2 - Navigating the File System
==========
Follow the instructions line-by-line.

* Type in the commands as is, but ignore the beginning prompt.
* Enter, tab, up and down are represented by <ENTER><TAB>,<UP> and <DOWN>.
* "No output" or "nothing happens" are valid answers to any of the questions.
==========

==========
12. Open a new terminal window. Create a directory called mtec1003. What command did you use?
----------

mkdir Mtech 1003




==========
13. Change your directory so that you're in mtec1003. What command did you use?
----------

cd metech1003




==========
14. Type:

$ pwd 

Check that the output ends with mtec1003 (something like this: /Users/joe/mtec1002).

If it doesn't ask for help before moving on!

Copy and paste the output of pwd below.
----------
/Users/louisgoldford2020/mtec1003
/Users/michaeldeleon/mtech1003




==========
15. Type:

$ mkdir animals
$ ls

Copy and paste the output below.
----------
animals





==========
16. Type:

$ mkdir food
$ ls

Copy and paste the output below.
----------
animals	food





==========
17. Type:

$ mkdir -p foo/bar/baz/qux
$ ls

Copy and paste the output below.
----------
animals	foo	food


(-p flag is RECURSIVE — meaning, recursively NEST one folder inside another...)


==========
18. Type:

$ cd foo/bar/baz/qux
$ pwd

Copy and paste the output below.
----------
/Users/louisgoldford2020/mtec1003/foo/bar/baz/qux
/Users/michaeldeleon/foo/bar/baz/qux





==========
19. Type:

$ cd ../..
$ pwd

Copy and paste the output below.
----------
/Users/michaeldeleon/foo/bar





==========
20. Type:

$ cd -
$ pwd

Copy and paste the output below.
----------
/Users/michaeldeleon/foo/bar/baz/qux





==========
21. Type:

$ cd ../../../..
$ pwd

Copy and paste the output below.
----------
-bash: cd../../..: No such file or directory





==========
22. Type:

$ ls -l
$ rmdir animals
$ ls -l

Copy and paste the first 3 lines from the output into the space below.
----------






==========
23. Type:

$ cd ~
$ pwd

Copy and paste the output into the space below.
----------
/Users/michaeldeleon





==========
24. Type:

$ cd /Volumes
$ pwd

Copy and paste the output into the space below.
----------
/Volumes





==========
25. Type:

$ cd /unknown_folder
$ pwd

Copy and paste the output into the space below.
----------
-bash: cd: /unknown_folder: No such file or directory
/Volumes



==========
26. Type:

$ cd ~/mtec1002
$ pwd

Copy and paste the output into the space below.
----------
/Users/michaeldeleon/mtech1003





==========
27. Type:

$ hostname

Copy and paste the output into the space below.
----------
Michaels-Air.home





==========
28. Make sure you're back in your mtec1002, which should be in your home folder.  What command would you use to find out if you're in the right folder?  Write the command below, then run it.
----------
$ ls
Michaels-Air:~ michaeldeleon$ ls
Applications				Movies
Creative Cloud Files			Mtech1003
Creative Cloud Files (archived) (1)	Music
Desktop					Note.txt
Documents				Pictures
Downloads				Public
LPG.txt					foo
Library





==========
29. If you're not in the right directory, type the following command:

cd ~/mtec1002

Otherwise skip this question/step!
----------






==========
30. Create the following directories, with each one inside each other, using only a single command.

The first one, pineapple, is the innermost:

pineapple
orange
strawberry
lemon

Write the one command you used below:
----------

mkdir -p pinapple/orange/strawberry/lemon




==========
31. Make another directory called aardvark.

Write the command you used to create the directory below:
----------
Michaels-Air:Mtech1003 michaeldeleon$ mkdir aardvark





==========
32. List the files and directories in the current directory using the long format.

What is the modified date of the aardvark directory?
----------
.		..		.DS_Store	aardvark	animals		foo		food		pinapple 





==========
33. Make 3 directories nested within each other:

* foo should be the outermost directory
* bar should be the inside foo
* baz should be inside bar

What command did you use?
----------

mkdir -p foo/bar/baz




==========
34. Change your directory so that you're in the inner most directory (baz)

What command did you use?
----------
cd ../





==========
35. Change your directory so that you're two directories up (foo)

What command did you use?
----------

../..




==========
36. What command is used to delete empty directories?
----------






==========
37. What command is used to print out your current working directory?
----------
Pwd 





==========
38. What flag do I pass to ls to print out all files?
----------






==========
39. What's the shortcut for home directory?
----------
Cd ~





==========
40. What's a pathname?
----------

specifie location in the file system. 




==========
41. What is a directory?
----------
It is the main Folder to a structure of file system that references other files (and directories)





==========
42. What's the *absolute* path (full path, starting at root) to your user's Downloads directory?
----------
/Users/username/Downloads
/Users/michaeldeleon/Downloads
